---
http_interactions:
- request:
    method: post
    uri: https://disqus.com/api/3.0/threads/create.json
    body:
      encoding: US-ASCII
      string: forum=<FORUM_NAME>&title=1349216545.389887&api_key=<API_KEY>&api_secret=<SECRET_KEY>&access_token=<ACCESS_TOKEN>
    headers: {}
  response:
    status:
      code: 200
      message: OK
    headers:
      date:
      - Tue, 02 Oct 2012 22:22:25 GMT
      server:
      - Apache
      vary:
      - Cookie,Accept-Encoding
      x-user:
      - loginas:None:24478449
      p3p:
      - CP="DSP IDC CUR ADM DELi STP NAV COM UNI INT PHY DEM"
      set-cookie:
      - disqusauth="1|Stipple|0|1|0||24478449|http%3A//mediacdn.disqus.com/1349204341/images/noavatar32.png|1";
        Domain=.disqus.com; Max-Age=2592000; Path=/
      connection:
      - close
      transfer-encoding:
      - chunked
      content-type:
      - application/json
    body:
      encoding: US-ASCII
      string: ! '{"code": 0, "response": {"feed": "http://<FORUM_NAME>.disqus.com/1349216545389887/latest.rss",
        "reactions": 0, "author": "24478449", "forum": "<FORUM_NAME>", "title": "1349216545.389887",
        "userScore": 0, "identifiers": [], "dislikes": 0, "createdAt": "2012-10-02T22:22:25",
        "slug": "1349216545389887", "isClosed": false, "posts": 0, "userSubscription":
        false, "link": null, "likes": 0, "message": "", "category": "1748258", "ipAddress":
        "208.80.69.2", "id": "868745038", "isDeleted": false}}'
    http_version: '1.1'
  recorded_at: Tue, 02 Oct 2012 22:22:25 GMT
- request:
    method: post
    uri: https://disqus.com/api/3.0/posts/create.json
    body:
      encoding: US-ASCII
      string: thread=868745038&message=test&api_key=<API_KEY>&api_secret=<SECRET_KEY>&remote_auth=<AUTH_S3>
    headers: {}
  response:
    status:
      code: 200
      message: OK
    headers:
      date:
      - Tue, 02 Oct 2012 22:22:26 GMT
      server:
      - Apache
      vary:
      - Cookie,Accept-Encoding
      x-user:
      - loginas:None:32045129
      p3p:
      - CP="DSP IDC CUR ADM DELi STP NAV COM UNI INT PHY DEM"
      set-cookie:
      - disqusauth="1|stipple-c4ca4238a0b923820dcc509a6f75849b|0|0|0||32045129|http%3A//mediacdn.disqus.com/1349204341/images/noavatar32.png|0";
        Domain=.disqus.com; Max-Age=2592000; Path=/
      connection:
      - close
      transfer-encoding:
      - chunked
      content-type:
      - application/json
    body:
      encoding: US-ASCII
      string: ! '{"code": 0, "response": {"isJuliaFlagged": true, "isFlagged": false,
        "forum": "<FORUM_NAME>", "parent": null, "author": {"username": "stipple-c4ca4238a0b923820dcc509a6f75849b",
        "about": "", "name": "Tester", "url": "", "joinedAt": "2012-09-12T18:08:50",
        "rep": 1.2775109999999998, "isFollowing": false, "isFollowedBy": false, "profileUrl":
        "http://disqus.com/stipple-c4ca4238a0b923820dcc509a6f75849b/", "emailHash":
        "500a98812f392cd2ec694901cef0ca68", "reputation": 1.2775109999999998, "location":
        "", "isPrimary": true, "isAnonymous": false, "id": "32045129", "avatar": {"small":
        {"permalink": "http://www.gravatar.com/avatar.php?default=http%3A%2F%2Fmediacdn.disqus.com%2F1349204341%2Fimages%2Fnoavatar32.png&size=32&gravatar_id=500a98812f392cd2ec694901cef0ca68",
        "cache": "http://www.gravatar.com/avatar.php?default=http%3A%2F%2Fmediacdn.disqus.com%2F1349204341%2Fimages%2Fnoavatar32.png&size=32&gravatar_id=500a98812f392cd2ec694901cef0ca68"},
        "large": {"permalink": "http://www.gravatar.com/avatar.php?default=http%3A%2F%2Fmediacdn.disqus.com%2F1349204341%2Fimages%2Fnoavatar92.png&size=92&gravatar_id=500a98812f392cd2ec694901cef0ca68",
        "cache": "http://www.gravatar.com/avatar.php?default=http%3A%2F%2Fmediacdn.disqus.com%2F1349204341%2Fimages%2Fnoavatar92.png&size=92&gravatar_id=500a98812f392cd2ec694901cef0ca68"},
        "permalink": "http://www.gravatar.com/avatar.php?default=http%3A%2F%2Fmediacdn.disqus.com%2F1349204341%2Fimages%2Fnoavatar92.png&size=92&gravatar_id=500a98812f392cd2ec694901cef0ca68",
        "cache": "http://www.gravatar.com/avatar.php?default=http%3A%2F%2Fmediacdn.disqus.com%2F1349204341%2Fimages%2Fnoavatar92.png&size=92&gravatar_id=500a98812f392cd2ec694901cef0ca68"}},
        "media": [], "isDeleted": false, "isApproved": true, "dislikes": 0, "raw_message":
        "test", "createdAt": "2012-10-02T22:22:26", "id": "669097800", "thread": "868745038",
        "numReports": 0, "likes": 0, "isEdited": false, "points": 0, "message": "<p>test</p>",
        "isSpam": false, "isHighlighted": false, "userScore": 0}}'
    http_version: '1.1'
  recorded_at: Tue, 02 Oct 2012 22:22:26 GMT
- request:
    method: post
    uri: https://disqus.com/api/3.0/posts/create.json
    body:
      encoding: US-ASCII
      string: thread=868745038&message=test%202&api_key=<API_KEY>&api_secret=<SECRET_KEY>&remote_auth=<AUTH_S3>
    headers: {}
  response:
    status:
      code: 200
      message: OK
    headers:
      date:
      - Tue, 02 Oct 2012 22:22:27 GMT
      server:
      - Apache
      vary:
      - Cookie,Accept-Encoding
      x-user:
      - loginas:None:33439463
      p3p:
      - CP="DSP IDC CUR ADM DELi STP NAV COM UNI INT PHY DEM"
      set-cookie:
      - disqusauth="1|stipple-c81e728d9d4c2f636f067f89cc14862c|0|0|0||33439463|http%3A//mediacdn.disqus.com/1349204341/images/noavatar32.png|0";
        Domain=.disqus.com; Max-Age=2592000; Path=/
      connection:
      - close
      transfer-encoding:
      - chunked
      content-type:
      - application/json
    body:
      encoding: US-ASCII
      string: ! '{"code": 0, "response": {"isJuliaFlagged": true, "isFlagged": false,
        "forum": "<FORUM_NAME>", "parent": null, "author": {"username": "stipple-c81e728d9d4c2f636f067f89cc14862c",
        "about": "", "name": "Tester 2", "url": "", "joinedAt": "2012-10-01T23:49:39",
        "rep": 1.2336, "isFollowing": false, "isFollowedBy": false, "profileUrl":
        "http://disqus.com/stipple-c81e728d9d4c2f636f067f89cc14862c/", "emailHash":
        "b4b624e0beb810286b5e11192c7c485a", "reputation": 1.2336, "location": "",
        "isPrimary": true, "isAnonymous": false, "id": "33439463", "avatar": {"small":
        {"permalink": "http://www.gravatar.com/avatar.php?default=http%3A%2F%2Fmediacdn.disqus.com%2F1349204341%2Fimages%2Fnoavatar32.png&size=32&gravatar_id=b4b624e0beb810286b5e11192c7c485a",
        "cache": "http://www.gravatar.com/avatar.php?default=http%3A%2F%2Fmediacdn.disqus.com%2F1349204341%2Fimages%2Fnoavatar32.png&size=32&gravatar_id=b4b624e0beb810286b5e11192c7c485a"},
        "large": {"permalink": "http://www.gravatar.com/avatar.php?default=http%3A%2F%2Fmediacdn.disqus.com%2F1349204341%2Fimages%2Fnoavatar92.png&size=92&gravatar_id=b4b624e0beb810286b5e11192c7c485a",
        "cache": "http://www.gravatar.com/avatar.php?default=http%3A%2F%2Fmediacdn.disqus.com%2F1349204341%2Fimages%2Fnoavatar92.png&size=92&gravatar_id=b4b624e0beb810286b5e11192c7c485a"},
        "permalink": "http://www.gravatar.com/avatar.php?default=http%3A%2F%2Fmediacdn.disqus.com%2F1349204341%2Fimages%2Fnoavatar92.png&size=92&gravatar_id=b4b624e0beb810286b5e11192c7c485a",
        "cache": "http://www.gravatar.com/avatar.php?default=http%3A%2F%2Fmediacdn.disqus.com%2F1349204341%2Fimages%2Fnoavatar92.png&size=92&gravatar_id=b4b624e0beb810286b5e11192c7c485a"}},
        "media": [], "isDeleted": false, "isApproved": true, "dislikes": 0, "raw_message":
        "test 2", "createdAt": "2012-10-02T22:22:27", "id": "669097811", "thread":
        "868745038", "numReports": 0, "likes": 0, "isEdited": false, "points": 0,
        "message": "<p>test 2</p>", "isSpam": false, "isHighlighted": false, "userScore":
        0}}'
    http_version: '1.1'
  recorded_at: Tue, 02 Oct 2012 22:22:27 GMT
- request:
    method: get
    uri: https://disqus.com/api/3.0/posts/list.json?thread=868745038&forum=<FORUM_NAME>&api_key=<API_KEY>&api_secret=<SECRET_KEY>&remote_auth=<AUTH_S3>
    body:
      encoding: US-ASCII
      string: ''
    headers: {}
  response:
    status:
      code: 200
      message: OK
    headers:
      date:
      - Tue, 02 Oct 2012 22:22:28 GMT
      server:
      - Apache
      vary:
      - Cookie,Accept-Encoding
      p3p:
      - CP="DSP IDC CUR ADM DELi STP NAV COM UNI INT PHY DEM"
      content-length:
      - '17729'
      connection:
      - close
      content-type:
      - application/json
    body:
      encoding: US-ASCII
      string: ! '{"cursor": {"prev": null, "hasNext": false, "next": "1349135802361442:1:0",
        "hasPrev": false, "total": null, "id": "1349135802361442:1:0", "more": false},
        "code": 0, "response": [{"isJuliaFlagged": true, "isFlagged": false, "forum":
        "<FORUM_NAME>", "parent": null, "author": {"username": "stipple-c4ca4238a0b923820dcc509a6f75849b",
        "about": "", "name": "Tester", "url": "", "joinedAt": "2012-09-12T18:08:50",
        "rep": 1.2778799999999999, "profileUrl": "http://disqus.com/stipple-c4ca4238a0b923820dcc509a6f75849b/",
        "emailHash": "500a98812f392cd2ec694901cef0ca68", "reputation": 1.2778799999999999,
        "location": "", "isPrimary": true, "isAnonymous": false, "id": "32045129",
        "avatar": {"small": {"permalink": "http://www.gravatar.com/avatar.php?default=http%3A%2F%2Fmediacdn.disqus.com%2F1349204341%2Fimages%2Fnoavatar32.png&size=32&gravatar_id=500a98812f392cd2ec694901cef0ca68",
        "cache": "http://www.gravatar.com/avatar.php?default=http%3A%2F%2Fmediacdn.disqus.com%2F1349204341%2Fimages%2Fnoavatar32.png&size=32&gravatar_id=500a98812f392cd2ec694901cef0ca68"},
        "large": {"permalink": "http://www.gravatar.com/avatar.php?default=http%3A%2F%2Fmediacdn.disqus.com%2F1349204341%2Fimages%2Fnoavatar92.png&size=92&gravatar_id=500a98812f392cd2ec694901cef0ca68",
        "cache": "http://www.gravatar.com/avatar.php?default=http%3A%2F%2Fmediacdn.disqus.com%2F1349204341%2Fimages%2Fnoavatar92.png&size=92&gravatar_id=500a98812f392cd2ec694901cef0ca68"},
        "permalink": "http://www.gravatar.com/avatar.php?default=http%3A%2F%2Fmediacdn.disqus.com%2F1349204341%2Fimages%2Fnoavatar92.png&size=92&gravatar_id=500a98812f392cd2ec694901cef0ca68",
        "cache": "http://www.gravatar.com/avatar.php?default=http%3A%2F%2Fmediacdn.disqus.com%2F1349204341%2Fimages%2Fnoavatar92.png&size=92&gravatar_id=500a98812f392cd2ec694901cef0ca68"}},
        "media": [], "isDeleted": false, "isApproved": true, "dislikes": 0, "raw_message":
        "Saskatoon", "createdAt": "2012-10-02T20:04:03", "id": "668974640", "thread":
        "868596420", "numReports": 0, "likes": 0, "isEdited": false, "points": 0,
        "message": "<p>Saskatoon</p>", "isSpam": false, "isHighlighted": false, "userScore":
        0}, {"isJuliaFlagged": true, "isFlagged": false, "forum": "<FORUM_NAME>",
        "parent": null, "author": {"username": "stipple-c4ca4238a0b923820dcc509a6f75849b",
        "about": "", "name": "Tester", "url": "", "joinedAt": "2012-09-12T18:08:50",
        "rep": 1.2778799999999999, "profileUrl": "http://disqus.com/stipple-c4ca4238a0b923820dcc509a6f75849b/",
        "emailHash": "500a98812f392cd2ec694901cef0ca68", "reputation": 1.2778799999999999,
        "location": "", "isPrimary": true, "isAnonymous": false, "id": "32045129",
        "avatar": {"small": {"permalink": "http://www.gravatar.com/avatar.php?default=http%3A%2F%2Fmediacdn.disqus.com%2F1349204341%2Fimages%2Fnoavatar32.png&size=32&gravatar_id=500a98812f392cd2ec694901cef0ca68",
        "cache": "http://www.gravatar.com/avatar.php?default=http%3A%2F%2Fmediacdn.disqus.com%2F1349204341%2Fimages%2Fnoavatar32.png&size=32&gravatar_id=500a98812f392cd2ec694901cef0ca68"},
        "large": {"permalink": "http://www.gravatar.com/avatar.php?default=http%3A%2F%2Fmediacdn.disqus.com%2F1349204341%2Fimages%2Fnoavatar92.png&size=92&gravatar_id=500a98812f392cd2ec694901cef0ca68",
        "cache": "http://www.gravatar.com/avatar.php?default=http%3A%2F%2Fmediacdn.disqus.com%2F1349204341%2Fimages%2Fnoavatar92.png&size=92&gravatar_id=500a98812f392cd2ec694901cef0ca68"},
        "permalink": "http://www.gravatar.com/avatar.php?default=http%3A%2F%2Fmediacdn.disqus.com%2F1349204341%2Fimages%2Fnoavatar92.png&size=92&gravatar_id=500a98812f392cd2ec694901cef0ca68",
        "cache": "http://www.gravatar.com/avatar.php?default=http%3A%2F%2Fmediacdn.disqus.com%2F1349204341%2Fimages%2Fnoavatar92.png&size=92&gravatar_id=500a98812f392cd2ec694901cef0ca68"}},
        "media": [], "isDeleted": false, "isApproved": true, "dislikes": 0, "raw_message":
        "1a5c69139c8e5fa7f460", "createdAt": "2012-10-02T18:31:55", "id": "668893264",
        "thread": "868485338", "numReports": 0, "likes": 0, "isEdited": false, "points":
        0, "message": "<p>1a5c69139c8e5fa7f460</p>", "isSpam": false, "isHighlighted":
        false, "userScore": 0}, {"isJuliaFlagged": true, "isFlagged": false, "forum":
        "<FORUM_NAME>", "parent": null, "author": {"username": "stipple-c81e728d9d4c2f636f067f89cc14862c",
        "about": "", "name": "Tester 2", "url": "", "joinedAt": "2012-10-01T23:49:39",
        "rep": 1.2339689999999999, "profileUrl": "http://disqus.com/stipple-c81e728d9d4c2f636f067f89cc14862c/",
        "emailHash": "b4b624e0beb810286b5e11192c7c485a", "reputation": 1.2339689999999999,
        "location": "", "isPrimary": true, "isAnonymous": false, "id": "33439463",
        "avatar": {"small": {"permalink": "http://www.gravatar.com/avatar.php?default=http%3A%2F%2Fmediacdn.disqus.com%2F1349204341%2Fimages%2Fnoavatar32.png&size=32&gravatar_id=b4b624e0beb810286b5e11192c7c485a",
        "cache": "http://www.gravatar.com/avatar.php?default=http%3A%2F%2Fmediacdn.disqus.com%2F1349204341%2Fimages%2Fnoavatar32.png&size=32&gravatar_id=b4b624e0beb810286b5e11192c7c485a"},
        "large": {"permalink": "http://www.gravatar.com/avatar.php?default=http%3A%2F%2Fmediacdn.disqus.com%2F1349204341%2Fimages%2Fnoavatar92.png&size=92&gravatar_id=b4b624e0beb810286b5e11192c7c485a",
        "cache": "http://www.gravatar.com/avatar.php?default=http%3A%2F%2Fmediacdn.disqus.com%2F1349204341%2Fimages%2Fnoavatar92.png&size=92&gravatar_id=b4b624e0beb810286b5e11192c7c485a"},
        "permalink": "http://www.gravatar.com/avatar.php?default=http%3A%2F%2Fmediacdn.disqus.com%2F1349204341%2Fimages%2Fnoavatar92.png&size=92&gravatar_id=b4b624e0beb810286b5e11192c7c485a",
        "cache": "http://www.gravatar.com/avatar.php?default=http%3A%2F%2Fmediacdn.disqus.com%2F1349204341%2Fimages%2Fnoavatar92.png&size=92&gravatar_id=b4b624e0beb810286b5e11192c7c485a"}},
        "media": [], "isDeleted": false, "isApproved": true, "dislikes": 0, "raw_message":
        "test 2", "createdAt": "2012-10-02T18:28:36", "id": "668890353", "thread":
        "868481273", "numReports": 0, "likes": 0, "isEdited": false, "points": 0,
        "message": "<p>test 2</p>", "isSpam": false, "isHighlighted": false, "userScore":
        0}, {"isJuliaFlagged": true, "isFlagged": false, "forum": "<FORUM_NAME>",
        "parent": null, "author": {"username": "stipple-c4ca4238a0b923820dcc509a6f75849b",
        "about": "", "name": "Tester", "url": "", "joinedAt": "2012-09-12T18:08:50",
        "rep": 1.2778799999999999, "profileUrl": "http://disqus.com/stipple-c4ca4238a0b923820dcc509a6f75849b/",
        "emailHash": "500a98812f392cd2ec694901cef0ca68", "reputation": 1.2778799999999999,
        "location": "", "isPrimary": true, "isAnonymous": false, "id": "32045129",
        "avatar": {"small": {"permalink": "http://www.gravatar.com/avatar.php?default=http%3A%2F%2Fmediacdn.disqus.com%2F1349204341%2Fimages%2Fnoavatar32.png&size=32&gravatar_id=500a98812f392cd2ec694901cef0ca68",
        "cache": "http://www.gravatar.com/avatar.php?default=http%3A%2F%2Fmediacdn.disqus.com%2F1349204341%2Fimages%2Fnoavatar32.png&size=32&gravatar_id=500a98812f392cd2ec694901cef0ca68"},
        "large": {"permalink": "http://www.gravatar.com/avatar.php?default=http%3A%2F%2Fmediacdn.disqus.com%2F1349204341%2Fimages%2Fnoavatar92.png&size=92&gravatar_id=500a98812f392cd2ec694901cef0ca68",
        "cache": "http://www.gravatar.com/avatar.php?default=http%3A%2F%2Fmediacdn.disqus.com%2F1349204341%2Fimages%2Fnoavatar92.png&size=92&gravatar_id=500a98812f392cd2ec694901cef0ca68"},
        "permalink": "http://www.gravatar.com/avatar.php?default=http%3A%2F%2Fmediacdn.disqus.com%2F1349204341%2Fimages%2Fnoavatar92.png&size=92&gravatar_id=500a98812f392cd2ec694901cef0ca68",
        "cache": "http://www.gravatar.com/avatar.php?default=http%3A%2F%2Fmediacdn.disqus.com%2F1349204341%2Fimages%2Fnoavatar92.png&size=92&gravatar_id=500a98812f392cd2ec694901cef0ca68"}},
        "media": [], "isDeleted": false, "isApproved": true, "dislikes": 0, "raw_message":
        "test", "createdAt": "2012-10-02T18:28:28", "id": "668890243", "thread": "868481096",
        "numReports": 0, "likes": 0, "isEdited": false, "points": 0, "message": "<p>test</p>",
        "isSpam": false, "isHighlighted": false, "userScore": 0}, {"isJuliaFlagged":
        true, "isFlagged": false, "forum": "<FORUM_NAME>", "parent": null, "author":
        {"username": "stipple-c81e728d9d4c2f636f067f89cc14862c", "about": "", "name":
        "Tester 2", "url": "", "joinedAt": "2012-10-01T23:49:39", "rep": 1.2339689999999999,
        "profileUrl": "http://disqus.com/stipple-c81e728d9d4c2f636f067f89cc14862c/",
        "emailHash": "b4b624e0beb810286b5e11192c7c485a", "reputation": 1.2339689999999999,
        "location": "", "isPrimary": true, "isAnonymous": false, "id": "33439463",
        "avatar": {"small": {"permalink": "http://www.gravatar.com/avatar.php?default=http%3A%2F%2Fmediacdn.disqus.com%2F1349204341%2Fimages%2Fnoavatar32.png&size=32&gravatar_id=b4b624e0beb810286b5e11192c7c485a",
        "cache": "http://www.gravatar.com/avatar.php?default=http%3A%2F%2Fmediacdn.disqus.com%2F1349204341%2Fimages%2Fnoavatar32.png&size=32&gravatar_id=b4b624e0beb810286b5e11192c7c485a"},
        "large": {"permalink": "http://www.gravatar.com/avatar.php?default=http%3A%2F%2Fmediacdn.disqus.com%2F1349204341%2Fimages%2Fnoavatar92.png&size=92&gravatar_id=b4b624e0beb810286b5e11192c7c485a",
        "cache": "http://www.gravatar.com/avatar.php?default=http%3A%2F%2Fmediacdn.disqus.com%2F1349204341%2Fimages%2Fnoavatar92.png&size=92&gravatar_id=b4b624e0beb810286b5e11192c7c485a"},
        "permalink": "http://www.gravatar.com/avatar.php?default=http%3A%2F%2Fmediacdn.disqus.com%2F1349204341%2Fimages%2Fnoavatar92.png&size=92&gravatar_id=b4b624e0beb810286b5e11192c7c485a",
        "cache": "http://www.gravatar.com/avatar.php?default=http%3A%2F%2Fmediacdn.disqus.com%2F1349204341%2Fimages%2Fnoavatar92.png&size=92&gravatar_id=b4b624e0beb810286b5e11192c7c485a"}},
        "media": [], "isDeleted": false, "isApproved": true, "dislikes": 0, "raw_message":
        "test1", "createdAt": "2012-10-02T18:28:25", "id": "668890203", "thread":
        "868481024", "numReports": 0, "likes": 0, "isEdited": false, "points": 0,
        "message": "<p>test1</p>", "isSpam": false, "isHighlighted": false, "userScore":
        0}, {"isJuliaFlagged": true, "isFlagged": false, "forum": "<FORUM_NAME>",
        "parent": null, "author": {"username": "stipple-c81e728d9d4c2f636f067f89cc14862c",
        "about": "", "name": "Tester 2", "url": "", "joinedAt": "2012-10-01T23:49:39",
        "rep": 1.2339689999999999, "profileUrl": "http://disqus.com/stipple-c81e728d9d4c2f636f067f89cc14862c/",
        "emailHash": "b4b624e0beb810286b5e11192c7c485a", "reputation": 1.2339689999999999,
        "location": "", "isPrimary": true, "isAnonymous": false, "id": "33439463",
        "avatar": {"small": {"permalink": "http://www.gravatar.com/avatar.php?default=http%3A%2F%2Fmediacdn.disqus.com%2F1349204341%2Fimages%2Fnoavatar32.png&size=32&gravatar_id=b4b624e0beb810286b5e11192c7c485a",
        "cache": "http://www.gravatar.com/avatar.php?default=http%3A%2F%2Fmediacdn.disqus.com%2F1349204341%2Fimages%2Fnoavatar32.png&size=32&gravatar_id=b4b624e0beb810286b5e11192c7c485a"},
        "large": {"permalink": "http://www.gravatar.com/avatar.php?default=http%3A%2F%2Fmediacdn.disqus.com%2F1349204341%2Fimages%2Fnoavatar92.png&size=92&gravatar_id=b4b624e0beb810286b5e11192c7c485a",
        "cache": "http://www.gravatar.com/avatar.php?default=http%3A%2F%2Fmediacdn.disqus.com%2F1349204341%2Fimages%2Fnoavatar92.png&size=92&gravatar_id=b4b624e0beb810286b5e11192c7c485a"},
        "permalink": "http://www.gravatar.com/avatar.php?default=http%3A%2F%2Fmediacdn.disqus.com%2F1349204341%2Fimages%2Fnoavatar92.png&size=92&gravatar_id=b4b624e0beb810286b5e11192c7c485a",
        "cache": "http://www.gravatar.com/avatar.php?default=http%3A%2F%2Fmediacdn.disqus.com%2F1349204341%2Fimages%2Fnoavatar92.png&size=92&gravatar_id=b4b624e0beb810286b5e11192c7c485a"}},
        "media": [], "isDeleted": false, "isApproved": true, "dislikes": 0, "raw_message":
        "test1", "createdAt": "2012-10-02T17:06:20", "id": "668816101", "thread":
        "868379803", "numReports": 0, "likes": 0, "isEdited": false, "points": 0,
        "message": "<p>test1</p>", "isSpam": false, "isHighlighted": false, "userScore":
        0}, {"isJuliaFlagged": true, "isFlagged": false, "forum": "<FORUM_NAME>",
        "parent": null, "author": {"username": "stipple-c81e728d9d4c2f636f067f89cc14862c",
        "about": "", "name": "Tester 2", "url": "", "joinedAt": "2012-10-01T23:49:39",
        "rep": 1.2339689999999999, "profileUrl": "http://disqus.com/stipple-c81e728d9d4c2f636f067f89cc14862c/",
        "emailHash": "b4b624e0beb810286b5e11192c7c485a", "reputation": 1.2339689999999999,
        "location": "", "isPrimary": true, "isAnonymous": false, "id": "33439463",
        "avatar": {"small": {"permalink": "http://www.gravatar.com/avatar.php?default=http%3A%2F%2Fmediacdn.disqus.com%2F1349204341%2Fimages%2Fnoavatar32.png&size=32&gravatar_id=b4b624e0beb810286b5e11192c7c485a",
        "cache": "http://www.gravatar.com/avatar.php?default=http%3A%2F%2Fmediacdn.disqus.com%2F1349204341%2Fimages%2Fnoavatar32.png&size=32&gravatar_id=b4b624e0beb810286b5e11192c7c485a"},
        "large": {"permalink": "http://www.gravatar.com/avatar.php?default=http%3A%2F%2Fmediacdn.disqus.com%2F1349204341%2Fimages%2Fnoavatar92.png&size=92&gravatar_id=b4b624e0beb810286b5e11192c7c485a",
        "cache": "http://www.gravatar.com/avatar.php?default=http%3A%2F%2Fmediacdn.disqus.com%2F1349204341%2Fimages%2Fnoavatar92.png&size=92&gravatar_id=b4b624e0beb810286b5e11192c7c485a"},
        "permalink": "http://www.gravatar.com/avatar.php?default=http%3A%2F%2Fmediacdn.disqus.com%2F1349204341%2Fimages%2Fnoavatar92.png&size=92&gravatar_id=b4b624e0beb810286b5e11192c7c485a",
        "cache": "http://www.gravatar.com/avatar.php?default=http%3A%2F%2Fmediacdn.disqus.com%2F1349204341%2Fimages%2Fnoavatar92.png&size=92&gravatar_id=b4b624e0beb810286b5e11192c7c485a"}},
        "media": [], "isDeleted": false, "isApproved": true, "dislikes": 0, "raw_message":
        "test 2", "createdAt": "2012-10-02T17:06:15", "id": "668816028", "thread":
        "868379720", "numReports": 0, "likes": 0, "isEdited": false, "points": 0,
        "message": "<p>test 2</p>", "isSpam": false, "isHighlighted": false, "userScore":
        0}, {"isJuliaFlagged": true, "isFlagged": false, "forum": "<FORUM_NAME>",
        "parent": null, "author": {"username": "stipple-c4ca4238a0b923820dcc509a6f75849b",
        "about": "", "name": "Tester", "url": "", "joinedAt": "2012-09-12T18:08:50",
        "rep": 1.2778799999999999, "profileUrl": "http://disqus.com/stipple-c4ca4238a0b923820dcc509a6f75849b/",
        "emailHash": "500a98812f392cd2ec694901cef0ca68", "reputation": 1.2778799999999999,
        "location": "", "isPrimary": true, "isAnonymous": false, "id": "32045129",
        "avatar": {"small": {"permalink": "http://www.gravatar.com/avatar.php?default=http%3A%2F%2Fmediacdn.disqus.com%2F1349204341%2Fimages%2Fnoavatar32.png&size=32&gravatar_id=500a98812f392cd2ec694901cef0ca68",
        "cache": "http://www.gravatar.com/avatar.php?default=http%3A%2F%2Fmediacdn.disqus.com%2F1349204341%2Fimages%2Fnoavatar32.png&size=32&gravatar_id=500a98812f392cd2ec694901cef0ca68"},
        "large": {"permalink": "http://www.gravatar.com/avatar.php?default=http%3A%2F%2Fmediacdn.disqus.com%2F1349204341%2Fimages%2Fnoavatar92.png&size=92&gravatar_id=500a98812f392cd2ec694901cef0ca68",
        "cache": "http://www.gravatar.com/avatar.php?default=http%3A%2F%2Fmediacdn.disqus.com%2F1349204341%2Fimages%2Fnoavatar92.png&size=92&gravatar_id=500a98812f392cd2ec694901cef0ca68"},
        "permalink": "http://www.gravatar.com/avatar.php?default=http%3A%2F%2Fmediacdn.disqus.com%2F1349204341%2Fimages%2Fnoavatar92.png&size=92&gravatar_id=500a98812f392cd2ec694901cef0ca68",
        "cache": "http://www.gravatar.com/avatar.php?default=http%3A%2F%2Fmediacdn.disqus.com%2F1349204341%2Fimages%2Fnoavatar92.png&size=92&gravatar_id=500a98812f392cd2ec694901cef0ca68"}},
        "media": [], "isDeleted": false, "isApproved": true, "dislikes": 0, "raw_message":
        "test", "createdAt": "2012-10-02T17:06:12", "id": "668815971", "thread": "868379664",
        "numReports": 0, "likes": 0, "isEdited": false, "points": 0, "message": "<p>test</p>",
        "isSpam": false, "isHighlighted": false, "userScore": 0}, {"isJuliaFlagged":
        true, "isFlagged": false, "forum": "<FORUM_NAME>", "parent": null, "author":
        {"username": "stipple-c81e728d9d4c2f636f067f89cc14862c", "about": "", "name":
        "Tester 2", "url": "", "joinedAt": "2012-10-01T23:49:39", "rep": 1.2339689999999999,
        "profileUrl": "http://disqus.com/stipple-c81e728d9d4c2f636f067f89cc14862c/",
        "emailHash": "b4b624e0beb810286b5e11192c7c485a", "reputation": 1.2339689999999999,
        "location": "", "isPrimary": true, "isAnonymous": false, "id": "33439463",
        "avatar": {"small": {"permalink": "http://www.gravatar.com/avatar.php?default=http%3A%2F%2Fmediacdn.disqus.com%2F1349204341%2Fimages%2Fnoavatar32.png&size=32&gravatar_id=b4b624e0beb810286b5e11192c7c485a",
        "cache": "http://www.gravatar.com/avatar.php?default=http%3A%2F%2Fmediacdn.disqus.com%2F1349204341%2Fimages%2Fnoavatar32.png&size=32&gravatar_id=b4b624e0beb810286b5e11192c7c485a"},
        "large": {"permalink": "http://www.gravatar.com/avatar.php?default=http%3A%2F%2Fmediacdn.disqus.com%2F1349204341%2Fimages%2Fnoavatar92.png&size=92&gravatar_id=b4b624e0beb810286b5e11192c7c485a",
        "cache": "http://www.gravatar.com/avatar.php?default=http%3A%2F%2Fmediacdn.disqus.com%2F1349204341%2Fimages%2Fnoavatar92.png&size=92&gravatar_id=b4b624e0beb810286b5e11192c7c485a"},
        "permalink": "http://www.gravatar.com/avatar.php?default=http%3A%2F%2Fmediacdn.disqus.com%2F1349204341%2Fimages%2Fnoavatar92.png&size=92&gravatar_id=b4b624e0beb810286b5e11192c7c485a",
        "cache": "http://www.gravatar.com/avatar.php?default=http%3A%2F%2Fmediacdn.disqus.com%2F1349204341%2Fimages%2Fnoavatar92.png&size=92&gravatar_id=b4b624e0beb810286b5e11192c7c485a"}},
        "media": [], "isDeleted": false, "isApproved": true, "dislikes": 0, "raw_message":
        "Here''s my message", "createdAt": "2012-10-01T23:56:42", "id": "668134919",
        "thread": "867281655", "numReports": 0, "likes": 0, "isEdited": false, "points":
        0, "message": "<p>Here''s my message</p>", "isSpam": false, "isHighlighted":
        false, "userScore": 0}]}'
    http_version: '1.1'
  recorded_at: Tue, 02 Oct 2012 22:22:28 GMT
recorded_with: VCR 2.2.5
